[www.pentecostal.thelukedavis.com/index.html]
[backblue.gif]
[fade.gif]
[index.html]
[assets.squarespace.com/@sqs/polyfiller/1.6/legacy.js]
[use.typekit.net/ik/xRc47tpi-u118U8WtuTPn8hPh-CGlPkSVTN35544L8qfe1jJXnX1IyvhF2jtFRZLFRSXZ2B8jQm8FAZcwRShFeIaw2wajQFRe6MKBco8iA9l-eBySku1ScNXZWFnOWs8pYb7f6RblMJbMg6IJMJ7f6R9lMJbMg6YJMJ7f6RslMJbMg65JMJ7f6RmlMJbMg6sJMH]
[assets.squarespace.com/universal/scripts-compressed/extract-css-runtime-4510b020b3910b3ed001-min.en-US.js]
[assets.squarespace.com/universal/scripts-compressed/cldr-resource-pack-907dfe7701e90c1e5cbd-min.en-US.js]
[assets.squarespace.com/@sqs/polyfiller/1.6/modern.js]
[assets.squarespace.com/universal/scripts-compressed/common-vendors-stable-61293f01d648eef165fc-min.en-US.js]
[assets.squarespace.com/universal/scripts-compressed/extract-css-moment-js-vendor-6c569122bfa66a51a056-min.en-US.js]
[assets.squarespace.com/universal/styles-compressed/commerce-3521e0fe0f49a15e7694-min.en-US.css]
[assets.squarespace.com/universal/scripts-compressed/user-account-core-acf65942ef2451d36951-min.en-US.js]
[assets.squarespace.com/universal/styles-compressed/user-account-core-b6e8cafbf34b05da5c2b-min.en-US.css]
[assets.squarespace.com/universal/scripts-compressed/performance-4c8c839071c8825c9584-min.en-US.js]
[assets.squarespace.com/universal/scripts-compressed/common-vendors-9d885b2cbf9c1a563d68-min.en-US.js]
[static1.squarespace.com/static/versioned-site-css/674d1ea5e5ff2764a7037a3c/0/5c5a519771c10ba3470d8101/674d1ea5e5ff2764a7037a43/1600/site.css]
[static1.squarespace.com/static/vta/5c5a519771c10ba3470d8101/versioned-assets/1736449968437-DER6SK7FO3QULVG4XGBZ/static.css]
[www.pentecostal.thelukedavis.com/cart.html]
[www.pentecostal.thelukedavis.com/research-methods.html]
[www.pentecostal.thelukedavis.com/categories.html]
[www.pentecostal.thelukedavis.com/history.html]
[www.pentecostal.thelukedavis.com/influence.html]
[www.pentecostal.thelukedavis.com/theology.html]
[www.pentecostal.thelukedavis.com/resources.html]
[images.squarespace-cdn.com/content/v1/674d1ea5e5ff2764a7037a3c/d02d0e60-9a0d-45fd-aaff-d486b8d69bb3/istockphoto-1170312933-612x612.jpg]
[www.pentecostal.thelukedavis.com/index.html]
[static1.squarespace.com/static/vta/5c5a519771c10ba3470d8101/scripts/site-bundle.03f6b4da1188b5006917209e252012ea.js]
[assets.squarespace.com/universal/scripts-compressed/common-8f2efc2379722eebc6af-min.en-US.js]
[assets.squarespace.com/universal/scripts-compressed/commerce-2b0b6b9b52af7c3ee146-min.en-US.js]
[assets.squarespace.com/universal/images-v6/standard/icon_close_7_light.png]
[assets.squarespace.com/universal/styles-compressed/commerce-3521e0fe0f49a15e7694-min.en-US.css]
[assets.squarespace.com/universal/styles-compressed/user-account-core-b6e8cafbf34b05da5c2b-min.en-US.css]
[assets.squarespace.com/universal/images-v6/damask/error-dark.png]
[assets.squarespace.com/universal/images-v6/damask/error-dark@2x.png]
[assets.squarespace.com/universal/images-v6/damask/play-button.png]
[assets.squarespace.com/universal/images-v6/damask/play-button@2x.png]
[assets.squarespace.com/universal/images-v6/damask/edit-aviary-light.png]
[assets.squarespace.com/universal/images-v6/damask/edit-aviary-light@2x.png]
[assets.squarespace.com/universal/images-v6/damask/edit-info-light.png]
[assets.squarespace.com/universal/images-v6/damask/edit-info-light@2x.png]
[assets.squarespace.com/universal/images-v6/damask/trash-9-light.png]
[assets.squarespace.com/universal/images-v6/damask/trash-9-light@2x.png]
[assets.squarespace.com/universal/images-v6/damask/trash-9-red.png]
[assets.squarespace.com/universal/images-v6/damask/trash-9-red@2x.png]
[assets.squarespace.com/universal/images-v6/damask/getty-16-light.png]
[assets.squarespace.com/universal/images-v6/damask/getty-32-light.png]
[assets.squarespace.com/universal/images-v6/damask/shopping-cart-16-light.png]
[assets.squarespace.com/universal/images-v6/damask/shopping-cart-32-light.png]
[assets.squarespace.com/universal/images-v6/icons/block-indicator-dark.png]
[assets.squarespace.com/universal/images-v6/icons/block-indicator-dark@2x.png]
[assets.squarespace.com/universal/images-v6/icons/opentable-icons.png]
[assets.squarespace.com/universal/images-v6/icons/icon-searchqueries-20-dark.png]
[assets.squarespace.com/universal/images-v6/icons/icon-searchqueries-20-light.png]
[assets.squarespace.com/universal/images-v6/icons/icon-video-24-light-solid.png]
[assets.squarespace.com/universal/images-v6/icons/icon-settings-16-light.png]
[static1.squarespace.com/static/versioned-site-css/674d1ea5e5ff2764a7037a3c/0/5c5a519771c10ba3470d8101/674d1ea5e5ff2764a7037a43/1600/site.css]
[static1.squarespace.com/static/vta/5c5a519771c10ba3470d8101/versioned-assets/1736449968437-DER6SK7FO3QULVG4XGBZ/static.css]
[www.pentecostal.thelukedavis.com/cart.html]
[images.squarespace-cdn.com/content/v1/674d1ea5e5ff2764a7037a3c/1733329393648-QB52AMK6MTDX2LV31G7M/unsplash-image-3mt71MKGjQ0.jpg]
[images.squarespace-cdn.com/content/v1/674d1ea5e5ff2764a7037a3c/f5e2a7f4-916a-4454-992a-e31c58812527/images.png]
[images.squarespace-cdn.com/content/v1/674d1ea5e5ff2764a7037a3c/fbf23152-a43d-48fd-8e2d-22587ecd46d3/Timeline_(656040)_-_The_Noun_Project.svg.png]
[images.squarespace-cdn.com/content/v1/674d1ea5e5ff2764a7037a3c/1b6d3471-2f98-45ee-bf8e-cc60cf032f3a/istockphoto-1014903134-612x612.jpg]
[images.squarespace-cdn.com/content/v1/674d1ea5e5ff2764a7037a3c/afe099dd-8dc6-4391-9f5a-7a1a9027cef8/eb2a432a83457f099624da68b0f86c9f.jpg]
[www.pentecostal.thelukedavis.com/research-methods.html]
[images.squarespace-cdn.com/content/v1/674d1ea5e5ff2764a7037a3c/1733330517248-MQ98FCOY0H7DUEQLH8XZ/unsplash-image-MzpNYLtlTAQ.jpg]
[www.pentecostal.thelukedavis.com/categories.html]
[images.squarespace-cdn.com/content/v1/674d1ea5e5ff2764a7037a3c/1733330906444-EMIDMLOW8YD1KQM86EGZ/unsplash-image-nXt5HtLmlgE.jpg]
[images.squarespace-cdn.com/content/v1/674d1ea5e5ff2764a7037a3c/a84e99aa-5df7-4ec0-b3bb-beb28e399400/LA+Pentecostalism+Timeline.png]
[images.squarespace-cdn.com/content/v1/674d1ea5e5ff2764a7037a3c/77ced4ab-0c79-406e-87f5-a472ecbbb974/Brazil_in_South_America_(-mini_map_-rivers).png]
[images.squarespace-cdn.com/content/v1/674d1ea5e5ff2764a7037a3c/6e8fb2e7-7a5b-45c8-a854-3018bdbc34c7/Mexico_in_North_America_(-mini_map_-rivers).svg.jpg]
[images.squarespace-cdn.com/content/v1/674d1ea5e5ff2764a7037a3c/76cad510-1552-4233-b42b-a939db823b7e/Chile_in_South_America.png]
[www.pentecostal.thelukedavis.com/history.html]
[images.squarespace-cdn.com/content/v1/5ec321c2af33de48734cc929/5920f24a-7a42-4cc4-9994-db379cf87a73/20140301_Trade-151_0124-copy.jpg]
[images.squarespace-cdn.com/content/v1/674d1ea5e5ff2764a7037a3c/1733336498810-ZY93BWV4ZHK397GQ0JBM/unsplash-image-8A20jyWomIo.jpg]
[images.squarespace-cdn.com/content/v1/674d1ea5e5ff2764a7037a3c/ecce2585-8f88-42d5-8bec-7b17b53683cb/f722e87dc0966e14c68ca6b7c0527f0d-removebg-preview.png]
[images.squarespace-cdn.com/content/v1/674d1ea5e5ff2764a7037a3c/6e003cbb-3215-453b-b231-432654824887/istockphoto-1094009722-612x612.jpg]
[images.squarespace-cdn.com/content/v1/674d1ea5e5ff2764a7037a3c/76ccd14c-d2f9-46c2-af57-1131be07f449/015411e57bd62bf876311460da9c7110.png]
[www.pentecostal.thelukedavis.com/influence.html]
[images.squarespace-cdn.com/content/v1/674d1ea5e5ff2764a7037a3c/1733336559113-2D790X9SWXAB90HF96EO/unsplash-image-9T346Ij4kGk.jpg]
[www.pentecostal.thelukedavis.com/theology.html]
[images.squarespace-cdn.com/content/v1/5ec321c2af33de48734cc929/b501ce91-c834-4f50-b1ff-5064bb688549/image-asset+(6).jpg]
[images.squarespace-cdn.com/content/v1/674d1ea5e5ff2764a7037a3c/fb9ab4a0-4582-429d-a05d-d38d26984e4f/81TewkgDDNL.jpg]
[images.squarespace-cdn.com/content/v1/674d1ea5e5ff2764a7037a3c/5cac6d66-a144-41b8-b8e9-ee46144a75c3/christianity-in-its-global-context-1970-2020.jpg]
[images.squarespace-cdn.com/content/v1/674d1ea5e5ff2764a7037a3c/f02bad2e-e549-4100-9c15-3a4eeb31b067/images.jpg]
[www.pentecostal.thelukedavis.com/resources.html]
[www.pentecostal.thelukedavis.com/_https_/www.gordonconwell.edu/wp-content/uploads/sites/13/2019/04/2ChristianityinitsGlobalContext.pdf/__https_/www.gordonconwell.edu/wp-content/uploads/sites/13/2019//p__,.49.delaye]
